<!DOCTYPE html>
<html xmlns="http://www.w3.org/1999/xhtml">
<head>
  <title>Static Call Graph - [HAL_06_LCD\HAL_06_LCD.axf]</title>
</head>
<body>
  <hr />
  <h1>Static Call Graph for image HAL_06_LCD\HAL_06_LCD.axf</h1>
  <hr />
  <br />
  <p>#&#060;CALLGRAPH&#062;# ARM Linker, 5060750: Last Updated: Wed Mar 15 10:50:37 2023<br /></p>
  <p></p>
  <h3>Maximum Stack Usage = 144 bytes + Unknown(Cycles, Untraceable Function Pointers)</h3>
  <h3>Call chain for Maximum Stack Depth:</h3>main &rArr; SystemClock_Config &rArr; HAL_RCC_OscConfig &rArr; HAL_InitTick &rArr; HAL_NVIC_SetPriority
  <p></p>
  <h3>Mutually Recursive functions</h3>
  <li>
    <a href="#[1b]">ADC1_2_IRQHandler</a>&nbsp;&nbsp;&nbsp;&rArr;&nbsp;&nbsp;&nbsp;<a href="#[1b]">ADC1_2_IRQHandler</a><br />
    <ul>
      <li><a href="#[4]">BusFault_Handler</a>&nbsp;&nbsp;&nbsp;&rArr;&nbsp;&nbsp;&nbsp;<a href="#[4]">BusFault_Handler</a><br /></li>
      <li><a href="#[2]">HardFault_Handler</a>&nbsp;&nbsp;&nbsp;&rArr;&nbsp;&nbsp;&nbsp;<a href="#[2]">HardFault_Handler</a><br /></li>
      <li><a href="#[3]">MemManage_Handler</a>&nbsp;&nbsp;&nbsp;&rArr;&nbsp;&nbsp;&nbsp;<a href="#[3]">MemManage_Handler</a><br /></li>
      <li><a href="#[5]">UsageFault_Handler</a>&nbsp;&nbsp;&nbsp;&rArr;&nbsp;&nbsp;&nbsp;<a href="#[5]">UsageFault_Handler</a><br /></li>
    </ul>
    <p></p>
    <h3>Function Pointers</h3>
    <ul>
      <li><a href="#[1b]">ADC1_2_IRQHandler</a> from startup_stm32g431xx.o(.text) referenced from startup_stm32g431xx.o(RESET)</li>
      <li><a href="#[4]">BusFault_Handler</a> from stm32g4xx_it.o(i.BusFault_Handler) referenced from startup_stm32g431xx.o(RESET)</li>
      <li><a href="#[43]">COMP1_2_3_IRQHandler</a> from startup_stm32g431xx.o(.text) referenced from startup_stm32g431xx.o(RESET)</li>
      <li><a href="#[44]">COMP4_IRQHandler</a> from startup_stm32g431xx.o(.text) referenced from startup_stm32g431xx.o(RESET)</li>
      <li><a href="#[4e]">CORDIC_IRQHandler</a> from startup_stm32g431xx.o(.text) referenced from startup_stm32g431xx.o(RESET)</li>
      <li><a href="#[45]">CRS_IRQHandler</a> from startup_stm32g431xx.o(.text) referenced from startup_stm32g431xx.o(RESET)</li>
      <li><a href="#[15]">DMA1_Channel1_IRQHandler</a> from startup_stm32g431xx.o(.text) referenced from startup_stm32g431xx.o(RESET)</li>
      <li><a href="#[16]">DMA1_Channel2_IRQHandler</a> from startup_stm32g431xx.o(.text) referenced from startup_stm32g431xx.o(RESET)</li>
      <li><a href="#[17]">DMA1_Channel3_IRQHandler</a> from startup_stm32g431xx.o(.text) referenced from startup_stm32g431xx.o(RESET)</li>
      <li><a href="#[18]">DMA1_Channel4_IRQHandler</a> from startup_stm32g431xx.o(.text) referenced from startup_stm32g431xx.o(RESET)</li>
      <li><a href="#[19]">DMA1_Channel5_IRQHandler</a> from startup_stm32g431xx.o(.text) referenced from startup_stm32g431xx.o(RESET)</li>
      <li><a href="#[1a]">DMA1_Channel6_IRQHandler</a> from startup_stm32g431xx.o(.text) referenced from startup_stm32g431xx.o(RESET)</li>
      <li><a href="#[3d]">DMA2_Channel1_IRQHandler</a> from startup_stm32g431xx.o(.text) referenced from startup_stm32g431xx.o(RESET)</li>
      <li><a href="#[3e]">DMA2_Channel2_IRQHandler</a> from startup_stm32g431xx.o(.text) referenced from startup_stm32g431xx.o(RESET)</li>
      <li><a href="#[3f]">DMA2_Channel3_IRQHandler</a> from startup_stm32g431xx.o(.text) referenced from startup_stm32g431xx.o(RESET)</li>
      <li><a href="#[40]">DMA2_Channel4_IRQHandler</a> from startup_stm32g431xx.o(.text) referenced from startup_stm32g431xx.o(RESET)</li>
      <li><a href="#[41]">DMA2_Channel5_IRQHandler</a> from startup_stm32g431xx.o(.text) referenced from startup_stm32g431xx.o(RESET)</li>
      <li><a href="#[4d]">DMA2_Channel6_IRQHandler</a> from startup_stm32g431xx.o(.text) referenced from startup_stm32g431xx.o(RESET)</li>
      <li><a href="#[4c]">DMAMUX_OVR_IRQHandler</a> from startup_stm32g431xx.o(.text) referenced from startup_stm32g431xx.o(RESET)</li>
      <li><a href="#[7]">DebugMon_Handler</a> from stm32g4xx_it.o(i.DebugMon_Handler) referenced from startup_stm32g431xx.o(RESET)</li>
      <li><a href="#[10]">EXTI0_IRQHandler</a> from startup_stm32g431xx.o(.text) referenced from startup_stm32g431xx.o(RESET)</li>
      <li><a href="#[31]">EXTI15_10_IRQHandler</a> from startup_stm32g431xx.o(.text) referenced from startup_stm32g431xx.o(RESET)</li>
      <li><a href="#[11]">EXTI1_IRQHandler</a> from startup_stm32g431xx.o(.text) referenced from startup_stm32g431xx.o(RESET)</li>
      <li><a href="#[12]">EXTI2_IRQHandler</a> from startup_stm32g431xx.o(.text) referenced from startup_stm32g431xx.o(RESET)</li>
      <li><a href="#[13]">EXTI3_IRQHandler</a> from startup_stm32g431xx.o(.text) referenced from startup_stm32g431xx.o(RESET)</li>
      <li><a href="#[14]">EXTI4_IRQHandler</a> from startup_stm32g431xx.o(.text) referenced from startup_stm32g431xx.o(RESET)</li>
      <li><a href="#[20]">EXTI9_5_IRQHandler</a> from startup_stm32g431xx.o(.text) referenced from startup_stm32g431xx.o(RESET)</li>
      <li><a href="#[1e]">FDCAN1_IT0_IRQHandler</a> from startup_stm32g431xx.o(.text) referenced from startup_stm32g431xx.o(RESET)</li>
      <li><a href="#[1f]">FDCAN1_IT1_IRQHandler</a> from startup_stm32g431xx.o(.text) referenced from startup_stm32g431xx.o(RESET)</li>
      <li><a href="#[e]">FLASH_IRQHandler</a> from startup_stm32g431xx.o(.text) referenced from startup_stm32g431xx.o(RESET)</li>
      <li><a href="#[4f]">FMAC_IRQHandler</a> from startup_stm32g431xx.o(.text) referenced from startup_stm32g431xx.o(RESET)</li>
      <li><a href="#[47]">FPU_IRQHandler</a> from startup_stm32g431xx.o(.text) referenced from startup_stm32g431xx.o(RESET)</li>
      <li><a href="#[2]">HardFault_Handler</a> from stm32g4xx_it.o(i.HardFault_Handler) referenced from startup_stm32g431xx.o(RESET)</li>
      <li><a href="#[29]">I2C1_ER_IRQHandler</a> from startup_stm32g431xx.o(.text) referenced from startup_stm32g431xx.o(RESET)</li>
      <li><a href="#[28]">I2C1_EV_IRQHandler</a> from startup_stm32g431xx.o(.text) referenced from startup_stm32g431xx.o(RESET)</li>
      <li><a href="#[2b]">I2C2_ER_IRQHandler</a> from startup_stm32g431xx.o(.text) referenced from startup_stm32g431xx.o(RESET)</li>
      <li><a href="#[2a]">I2C2_EV_IRQHandler</a> from startup_stm32g431xx.o(.text) referenced from startup_stm32g431xx.o(RESET)</li>
      <li><a href="#[4b]">I2C3_ER_IRQHandler</a> from startup_stm32g431xx.o(.text) referenced from startup_stm32g431xx.o(RESET)</li>
      <li><a href="#[4a]">I2C3_EV_IRQHandler</a> from startup_stm32g431xx.o(.text) referenced from startup_stm32g431xx.o(RESET)</li>
      <li><a href="#[38]">LPTIM1_IRQHandler</a> from startup_stm32g431xx.o(.text) referenced from startup_stm32g431xx.o(RESET)</li>
      <li><a href="#[49]">LPUART1_IRQHandler</a> from startup_stm32g431xx.o(.text) referenced from startup_stm32g431xx.o(RESET)</li>
      <li><a href="#[3]">MemManage_Handler</a> from stm32g4xx_it.o(i.MemManage_Handler) referenced from startup_stm32g431xx.o(RESET)</li>
      <li><a href="#[1]">NMI_Handler</a> from stm32g4xx_it.o(i.NMI_Handler) referenced from startup_stm32g431xx.o(RESET)</li>
      <li><a href="#[b]">PVD_PVM_IRQHandler</a> from startup_stm32g431xx.o(.text) referenced from startup_stm32g431xx.o(RESET)</li>
      <li><a href="#[8]">PendSV_Handler</a> from stm32g4xx_it.o(i.PendSV_Handler) referenced from startup_stm32g431xx.o(RESET)</li>
      <li><a href="#[f]">RCC_IRQHandler</a> from startup_stm32g431xx.o(.text) referenced from startup_stm32g431xx.o(RESET)</li>
      <li><a href="#[48]">RNG_IRQHandler</a> from startup_stm32g431xx.o(.text) referenced from startup_stm32g431xx.o(RESET)</li>
      <li><a href="#[32]">RTC_Alarm_IRQHandler</a> from startup_stm32g431xx.o(.text) referenced from startup_stm32g431xx.o(RESET)</li>
      <li><a href="#[c]">RTC_TAMP_LSECSS_IRQHandler</a> from startup_stm32g431xx.o(.text) referenced from startup_stm32g431xx.o(RESET)</li>
      <li><a href="#[d]">RTC_WKUP_IRQHandler</a> from startup_stm32g431xx.o(.text) referenced from startup_stm32g431xx.o(RESET)</li>
      <li><a href="#[0]">Reset_Handler</a> from startup_stm32g431xx.o(.text) referenced from startup_stm32g431xx.o(RESET)</li>
      <li><a href="#[46]">SAI1_IRQHandler</a> from startup_stm32g431xx.o(.text) referenced from startup_stm32g431xx.o(RESET)</li>
      <li><a href="#[2c]">SPI1_IRQHandler</a> from startup_stm32g431xx.o(.text) referenced from startup_stm32g431xx.o(RESET)</li>
      <li><a href="#[2d]">SPI2_IRQHandler</a> from startup_stm32g431xx.o(.text) referenced from startup_stm32g431xx.o(RESET)</li>
      <li><a href="#[39]">SPI3_IRQHandler</a> from startup_stm32g431xx.o(.text) referenced from startup_stm32g431xx.o(RESET)</li>
      <li><a href="#[6]">SVC_Handler</a> from stm32g4xx_it.o(i.SVC_Handler) referenced from startup_stm32g431xx.o(RESET)</li>
      <li><a href="#[9]">SysTick_Handler</a> from stm32g4xx_it.o(i.SysTick_Handler) referenced from startup_stm32g431xx.o(RESET)</li>
      <li><a href="#[51]">SystemInit</a> from system_stm32g4xx.o(i.SystemInit) referenced from startup_stm32g431xx.o(.text)</li>
      <li><a href="#[21]">TIM1_BRK_TIM15_IRQHandler</a> from startup_stm32g431xx.o(.text) referenced from startup_stm32g431xx.o(RESET)</li>
      <li><a href="#[24]">TIM1_CC_IRQHandler</a> from startup_stm32g431xx.o(.text) referenced from startup_stm32g431xx.o(RESET)</li>
      <li><a href="#[23]">TIM1_TRG_COM_TIM17_IRQHandler</a> from startup_stm32g431xx.o(.text) referenced from startup_stm32g431xx.o(RESET)</li>
      <li><a href="#[22]">TIM1_UP_TIM16_IRQHandler</a> from startup_stm32g431xx.o(.text) referenced from startup_stm32g431xx.o(RESET)</li>
      <li><a href="#[25]">TIM2_IRQHandler</a> from startup_stm32g431xx.o(.text) referenced from startup_stm32g431xx.o(RESET)</li>
      <li><a href="#[26]">TIM3_IRQHandler</a> from startup_stm32g431xx.o(.text) referenced from startup_stm32g431xx.o(RESET)</li>
      <li><a href="#[27]">TIM4_IRQHandler</a> from startup_stm32g431xx.o(.text) referenced from startup_stm32g431xx.o(RESET)</li>
      <li><a href="#[3b]">TIM6_DAC_IRQHandler</a> from startup_stm32g431xx.o(.text) referenced from startup_stm32g431xx.o(RESET)</li>
      <li><a href="#[3c]">TIM7_DAC_IRQHandler</a> from startup_stm32g431xx.o(.text) referenced from startup_stm32g431xx.o(RESET)</li>
      <li><a href="#[34]">TIM8_BRK_IRQHandler</a> from startup_stm32g431xx.o(.text) referenced from startup_stm32g431xx.o(RESET)</li>
      <li><a href="#[37]">TIM8_CC_IRQHandler</a> from startup_stm32g431xx.o(.text) referenced from startup_stm32g431xx.o(RESET)</li>
      <li><a href="#[36]">TIM8_TRG_COM_IRQHandler</a> from startup_stm32g431xx.o(.text) referenced from startup_stm32g431xx.o(RESET)</li>
      <li><a href="#[35]">TIM8_UP_IRQHandler</a> from startup_stm32g431xx.o(.text) referenced from startup_stm32g431xx.o(RESET)</li>
      <li><a href="#[3a]">UART4_IRQHandler</a> from startup_stm32g431xx.o(.text) referenced from startup_stm32g431xx.o(RESET)</li>
      <li><a href="#[42]">UCPD1_IRQHandler</a> from startup_stm32g431xx.o(.text) referenced from startup_stm32g431xx.o(RESET)</li>
      <li><a href="#[2e]">USART1_IRQHandler</a> from startup_stm32g431xx.o(.text) referenced from startup_stm32g431xx.o(RESET)</li>
      <li><a href="#[2f]">USART2_IRQHandler</a> from startup_stm32g431xx.o(.text) referenced from startup_stm32g431xx.o(RESET)</li>
      <li><a href="#[30]">USART3_IRQHandler</a> from startup_stm32g431xx.o(.text) referenced from startup_stm32g431xx.o(RESET)</li>
      <li><a href="#[33]">USBWakeUp_IRQHandler</a> from startup_stm32g431xx.o(.text) referenced from startup_stm32g431xx.o(RESET)</li>
      <li><a href="#[1c]">USB_HP_IRQHandler</a> from startup_stm32g431xx.o(.text) referenced from startup_stm32g431xx.o(RESET)</li>
      <li><a href="#[1d]">USB_LP_IRQHandler</a> from startup_stm32g431xx.o(.text) referenced from startup_stm32g431xx.o(RESET)</li>
      <li><a href="#[5]">UsageFault_Handler</a> from stm32g4xx_it.o(i.UsageFault_Handler) referenced from startup_stm32g431xx.o(RESET)</li>
      <li><a href="#[a]">WWDG_IRQHandler</a> from startup_stm32g431xx.o(.text) referenced from startup_stm32g431xx.o(RESET)</li>
      <li><a href="#[52]">__main</a> from entry.o(.ARM.Collect$$$$00000000) referenced from startup_stm32g431xx.o(.text)</li>
      <li><a href="#[50]">main</a> from main.o(i.main) referenced from entry9a.o(.ARM.Collect$$$$0000000B)</li>
    </ul>
    <p></p>
    <h3>Global Symbols</h3>
    <p><strong><a name="[52]" id="[52]"></a>__main</strong> (Thumb, 0 bytes, Stack size unknown bytes, entry.o(.ARM.Collect$$$$00000000))<br />
    [Address Reference Count : 1]</p>
    <ul>
      <li>startup_stm32g431xx.o(.text)</li>
    </ul>
    <p><strong><a name="[81]" id="[81]"></a>_main_stk</strong> (Thumb, 0 bytes, Stack size unknown bytes, entry2.o(.ARM.Collect$$$$00000001))</p>
    <p><strong><a name="[53]" id="[53]"></a>_main_scatterload</strong> (Thumb, 0 bytes, Stack size unknown bytes, entry5.o(.ARM.Collect$$$$00000004))<br />
    <br />
    [Calls]</p>
    <ul>
      <li><a href="#[54]">&gt;&gt;</a>&nbsp;&nbsp;&nbsp;__scatterload</li>
    </ul>
    <p><strong><a name="[58]" id="[58]"></a>__main_after_scatterload</strong> (Thumb, 0 bytes, Stack size unknown bytes, entry5.o(.ARM.Collect$$$$00000004))<br />
    <br />
    [Called By]</p>
    <ul>
      <li><a href="#[54]">&gt;&gt;</a>&nbsp;&nbsp;&nbsp;__scatterload</li>
    </ul>
    <p><strong><a name="[82]" id="[82]"></a>_main_clock</strong> (Thumb, 0 bytes, Stack size unknown bytes, entry7b.o(.ARM.Collect$$$$00000008))</p>
    <p><strong><a name="[83]" id="[83]"></a>_main_cpp_init</strong> (Thumb, 0 bytes, Stack size unknown bytes, entry8b.o(.ARM.Collect$$$$0000000A))</p>
    <p><strong><a name="[84]" id="[84]"></a>_main_init</strong> (Thumb, 0 bytes, Stack size unknown bytes, entry9a.o(.ARM.Collect$$$$0000000B))</p>
    <p><strong><a name="[85]" id="[85]"></a>__rt_final_cpp</strong> (Thumb, 0 bytes, Stack size unknown bytes, entry10a.o(.ARM.Collect$$$$0000000D))</p>
    <p><strong><a name="[86]" id="[86]"></a>__rt_final_exit</strong> (Thumb, 0 bytes, Stack size unknown bytes, entry11a.o(.ARM.Collect$$$$0000000F))</p>
    <p><strong><a name="[0]" id="[0]"></a>Reset_Handler</strong> (Thumb, 8 bytes, Stack size 0 bytes, startup_stm32g431xx.o(.text))<br />
    [Address Reference Count : 1]</p>
    <ul>
      <li>startup_stm32g431xx.o(RESET)</li>
    </ul>
    <p><strong><a name="[1b]" id="[1b]"></a>ADC1_2_IRQHandler</strong> (Thumb, 0 bytes, Stack size 0 bytes, startup_stm32g431xx.o(.text))<br />
    <br />
    [Calls]</p>
    <ul>
      <li><a href="#[1b]">&gt;&gt;</a>&nbsp;&nbsp;&nbsp;ADC1_2_IRQHandler</li>
    </ul><br />
    [Called By]
    <ul>
      <li><a href="#[1b]">&gt;&gt;</a>&nbsp;&nbsp;&nbsp;ADC1_2_IRQHandler</li>
    </ul><br />
    [Address Reference Count : 1]
    <ul>
      <li>startup_stm32g431xx.o(RESET)</li>
    </ul>
    <p><strong><a name="[43]" id="[43]"></a>COMP1_2_3_IRQHandler</strong> (Thumb, 0 bytes, Stack size 0 bytes, startup_stm32g431xx.o(.text))<br />
    [Address Reference Count : 1]</p>
    <ul>
      <li>startup_stm32g431xx.o(RESET)</li>
    </ul>
    <p><strong><a name="[44]" id="[44]"></a>COMP4_IRQHandler</strong> (Thumb, 0 bytes, Stack size 0 bytes, startup_stm32g431xx.o(.text))<br />
    [Address Reference Count : 1]</p>
    <ul>
      <li>startup_stm32g431xx.o(RESET)</li>
    </ul>
    <p><strong><a name="[4e]" id="[4e]"></a>CORDIC_IRQHandler</strong> (Thumb, 0 bytes, Stack size 0 bytes, startup_stm32g431xx.o(.text))<br />
    [Address Reference Count : 1]</p>
    <ul>
      <li>startup_stm32g431xx.o(RESET)</li>
    </ul>
    <p><strong><a name="[45]" id="[45]"></a>CRS_IRQHandler</strong> (Thumb, 0 bytes, Stack size 0 bytes, startup_stm32g431xx.o(.text))<br />
    [Address Reference Count : 1]</p>
    <ul>
      <li>startup_stm32g431xx.o(RESET)</li>
    </ul>
    <p><strong><a name="[15]" id="[15]"></a>DMA1_Channel1_IRQHandler</strong> (Thumb, 0 bytes, Stack size 0 bytes, startup_stm32g431xx.o(.text))<br />
    [Address Reference Count : 1]</p>
    <ul>
      <li>startup_stm32g431xx.o(RESET)</li>
    </ul>
    <p><strong><a name="[16]" id="[16]"></a>DMA1_Channel2_IRQHandler</strong> (Thumb, 0 bytes, Stack size 0 bytes, startup_stm32g431xx.o(.text))<br />
    [Address Reference Count : 1]</p>
    <ul>
      <li>startup_stm32g431xx.o(RESET)</li>
    </ul>
    <p><strong><a name="[17]" id="[17]"></a>DMA1_Channel3_IRQHandler</strong> (Thumb, 0 bytes, Stack size 0 bytes, startup_stm32g431xx.o(.text))<br />
    [Address Reference Count : 1]</p>
    <ul>
      <li>startup_stm32g431xx.o(RESET)</li>
    </ul>
    <p><strong><a name="[18]" id="[18]"></a>DMA1_Channel4_IRQHandler</strong> (Thumb, 0 bytes, Stack size 0 bytes, startup_stm32g431xx.o(.text))<br />
    [Address Reference Count : 1]</p>
    <ul>
      <li>startup_stm32g431xx.o(RESET)</li>
    </ul>
    <p><strong><a name="[19]" id="[19]"></a>DMA1_Channel5_IRQHandler</strong> (Thumb, 0 bytes, Stack size 0 bytes, startup_stm32g431xx.o(.text))<br />
    [Address Reference Count : 1]</p>
    <ul>
      <li>startup_stm32g431xx.o(RESET)</li>
    </ul>
    <p><strong><a name="[1a]" id="[1a]"></a>DMA1_Channel6_IRQHandler</strong> (Thumb, 0 bytes, Stack size 0 bytes, startup_stm32g431xx.o(.text))<br />
    [Address Reference Count : 1]</p>
    <ul>
      <li>startup_stm32g431xx.o(RESET)</li>
    </ul>
    <p><strong><a name="[3d]" id="[3d]"></a>DMA2_Channel1_IRQHandler</strong> (Thumb, 0 bytes, Stack size 0 bytes, startup_stm32g431xx.o(.text))<br />
    [Address Reference Count : 1]</p>
    <ul>
      <li>startup_stm32g431xx.o(RESET)</li>
    </ul>
    <p><strong><a name="[3e]" id="[3e]"></a>DMA2_Channel2_IRQHandler</strong> (Thumb, 0 bytes, Stack size 0 bytes, startup_stm32g431xx.o(.text))<br />
    [Address Reference Count : 1]</p>
    <ul>
      <li>startup_stm32g431xx.o(RESET)</li>
    </ul>
    <p><strong><a name="[3f]" id="[3f]"></a>DMA2_Channel3_IRQHandler</strong> (Thumb, 0 bytes, Stack size 0 bytes, startup_stm32g431xx.o(.text))<br />
    [Address Reference Count : 1]</p>
    <ul>
      <li>startup_stm32g431xx.o(RESET)</li>
    </ul>
    <p><strong><a name="[40]" id="[40]"></a>DMA2_Channel4_IRQHandler</strong> (Thumb, 0 bytes, Stack size 0 bytes, startup_stm32g431xx.o(.text))<br />
    [Address Reference Count : 1]</p>
    <ul>
      <li>startup_stm32g431xx.o(RESET)</li>
    </ul>
    <p><strong><a name="[41]" id="[41]"></a>DMA2_Channel5_IRQHandler</strong> (Thumb, 0 bytes, Stack size 0 bytes, startup_stm32g431xx.o(.text))<br />
    [Address Reference Count : 1]</p>
    <ul>
      <li>startup_stm32g431xx.o(RESET)</li>
    </ul>
    <p><strong><a name="[4d]" id="[4d]"></a>DMA2_Channel6_IRQHandler</strong> (Thumb, 0 bytes, Stack size 0 bytes, startup_stm32g431xx.o(.text))<br />
    [Address Reference Count : 1]</p>
    <ul>
      <li>startup_stm32g431xx.o(RESET)</li>
    </ul>
    <p><strong><a name="[4c]" id="[4c]"></a>DMAMUX_OVR_IRQHandler</strong> (Thumb, 0 bytes, Stack size 0 bytes, startup_stm32g431xx.o(.text))<br />
    [Address Reference Count : 1]</p>
    <ul>
      <li>startup_stm32g431xx.o(RESET)</li>
    </ul>
    <p><strong><a name="[10]" id="[10]"></a>EXTI0_IRQHandler</strong> (Thumb, 0 bytes, Stack size 0 bytes, startup_stm32g431xx.o(.text))<br />
    [Address Reference Count : 1]</p>
    <ul>
      <li>startup_stm32g431xx.o(RESET)</li>
    </ul>
    <p><strong><a name="[31]" id="[31]"></a>EXTI15_10_IRQHandler</strong> (Thumb, 0 bytes, Stack size 0 bytes, startup_stm32g431xx.o(.text))<br />
    [Address Reference Count : 1]</p>
    <ul>
      <li>startup_stm32g431xx.o(RESET)</li>
    </ul>
    <p><strong><a name="[11]" id="[11]"></a>EXTI1_IRQHandler</strong> (Thumb, 0 bytes, Stack size 0 bytes, startup_stm32g431xx.o(.text))<br />
    [Address Reference Count : 1]</p>
    <ul>
      <li>startup_stm32g431xx.o(RESET)</li>
    </ul>
    <p><strong><a name="[12]" id="[12]"></a>EXTI2_IRQHandler</strong> (Thumb, 0 bytes, Stack size 0 bytes, startup_stm32g431xx.o(.text))<br />
    [Address Reference Count : 1]</p>
    <ul>
      <li>startup_stm32g431xx.o(RESET)</li>
    </ul>
    <p><strong><a name="[13]" id="[13]"></a>EXTI3_IRQHandler</strong> (Thumb, 0 bytes, Stack size 0 bytes, startup_stm32g431xx.o(.text))<br />
    [Address Reference Count : 1]</p>
    <ul>
      <li>startup_stm32g431xx.o(RESET)</li>
    </ul>
    <p><strong><a name="[14]" id="[14]"></a>EXTI4_IRQHandler</strong> (Thumb, 0 bytes, Stack size 0 bytes, startup_stm32g431xx.o(.text))<br />
    [Address Reference Count : 1]</p>
    <ul>
      <li>startup_stm32g431xx.o(RESET)</li>
    </ul>
    <p><strong><a name="[20]" id="[20]"></a>EXTI9_5_IRQHandler</strong> (Thumb, 0 bytes, Stack size 0 bytes, startup_stm32g431xx.o(.text))<br />
    [Address Reference Count : 1]</p>
    <ul>
      <li>startup_stm32g431xx.o(RESET)</li>
    </ul>
    <p><strong><a name="[1e]" id="[1e]"></a>FDCAN1_IT0_IRQHandler</strong> (Thumb, 0 bytes, Stack size 0 bytes, startup_stm32g431xx.o(.text))<br />
    [Address Reference Count : 1]</p>
    <ul>
      <li>startup_stm32g431xx.o(RESET)</li>
    </ul>
    <p><strong><a name="[1f]" id="[1f]"></a>FDCAN1_IT1_IRQHandler</strong> (Thumb, 0 bytes, Stack size 0 bytes, startup_stm32g431xx.o(.text))<br />
    [Address Reference Count : 1]</p>
    <ul>
      <li>startup_stm32g431xx.o(RESET)</li>
    </ul>
    <p><strong><a name="[e]" id="[e]"></a>FLASH_IRQHandler</strong> (Thumb, 0 bytes, Stack size 0 bytes, startup_stm32g431xx.o(.text))<br />
    [Address Reference Count : 1]</p>
    <ul>
      <li>startup_stm32g431xx.o(RESET)</li>
    </ul>
    <p><strong><a name="[4f]" id="[4f]"></a>FMAC_IRQHandler</strong> (Thumb, 0 bytes, Stack size 0 bytes, startup_stm32g431xx.o(.text))<br />
    [Address Reference Count : 1]</p>
    <ul>
      <li>startup_stm32g431xx.o(RESET)</li>
    </ul>
    <p><strong><a name="[47]" id="[47]"></a>FPU_IRQHandler</strong> (Thumb, 0 bytes, Stack size 0 bytes, startup_stm32g431xx.o(.text))<br />
    [Address Reference Count : 1]</p>
    <ul>
      <li>startup_stm32g431xx.o(RESET)</li>
    </ul>
    <p><strong><a name="[29]" id="[29]"></a>I2C1_ER_IRQHandler</strong> (Thumb, 0 bytes, Stack size 0 bytes, startup_stm32g431xx.o(.text))<br />
    [Address Reference Count : 1]</p>
    <ul>
      <li>startup_stm32g431xx.o(RESET)</li>
    </ul>
    <p><strong><a name="[28]" id="[28]"></a>I2C1_EV_IRQHandler</strong> (Thumb, 0 bytes, Stack size 0 bytes, startup_stm32g431xx.o(.text))<br />
    [Address Reference Count : 1]</p>
    <ul>
      <li>startup_stm32g431xx.o(RESET)</li>
    </ul>
    <p><strong><a name="[2b]" id="[2b]"></a>I2C2_ER_IRQHandler</strong> (Thumb, 0 bytes, Stack size 0 bytes, startup_stm32g431xx.o(.text))<br />
    [Address Reference Count : 1]</p>
    <ul>
      <li>startup_stm32g431xx.o(RESET)</li>
    </ul>
    <p><strong><a name="[2a]" id="[2a]"></a>I2C2_EV_IRQHandler</strong> (Thumb, 0 bytes, Stack size 0 bytes, startup_stm32g431xx.o(.text))<br />
    [Address Reference Count : 1]</p>
    <ul>
      <li>startup_stm32g431xx.o(RESET)</li>
    </ul>
    <p><strong><a name="[4b]" id="[4b]"></a>I2C3_ER_IRQHandler</strong> (Thumb, 0 bytes, Stack size 0 bytes, startup_stm32g431xx.o(.text))<br />
    [Address Reference Count : 1]</p>
    <ul>
      <li>startup_stm32g431xx.o(RESET)</li>
    </ul>
    <p><strong><a name="[4a]" id="[4a]"></a>I2C3_EV_IRQHandler</strong> (Thumb, 0 bytes, Stack size 0 bytes, startup_stm32g431xx.o(.text))<br />
    [Address Reference Count : 1]</p>
    <ul>
      <li>startup_stm32g431xx.o(RESET)</li>
    </ul>
    <p><strong><a name="[38]" id="[38]"></a>LPTIM1_IRQHandler</strong> (Thumb, 0 bytes, Stack size 0 bytes, startup_stm32g431xx.o(.text))<br />
    [Address Reference Count : 1]</p>
    <ul>
      <li>startup_stm32g431xx.o(RESET)</li>
    </ul>
    <p><strong><a name="[49]" id="[49]"></a>LPUART1_IRQHandler</strong> (Thumb, 0 bytes, Stack size 0 bytes, startup_stm32g431xx.o(.text))<br />
    [Address Reference Count : 1]</p>
    <ul>
      <li>startup_stm32g431xx.o(RESET)</li>
    </ul>
    <p><strong><a name="[b]" id="[b]"></a>PVD_PVM_IRQHandler</strong> (Thumb, 0 bytes, Stack size 0 bytes, startup_stm32g431xx.o(.text))<br />
    [Address Reference Count : 1]</p>
    <ul>
      <li>startup_stm32g431xx.o(RESET)</li>
    </ul>
    <p><strong><a name="[f]" id="[f]"></a>RCC_IRQHandler</strong> (Thumb, 0 bytes, Stack size 0 bytes, startup_stm32g431xx.o(.text))<br />
    [Address Reference Count : 1]</p>
    <ul>
      <li>startup_stm32g431xx.o(RESET)</li>
    </ul>
    <p><strong><a name="[48]" id="[48]"></a>RNG_IRQHandler</strong> (Thumb, 0 bytes, Stack size 0 bytes, startup_stm32g431xx.o(.text))<br />
    [Address Reference Count : 1]</p>
    <ul>
      <li>startup_stm32g431xx.o(RESET)</li>
    </ul>
    <p><strong><a name="[32]" id="[32]"></a>RTC_Alarm_IRQHandler</strong> (Thumb, 0 bytes, Stack size 0 bytes, startup_stm32g431xx.o(.text))<br />
    [Address Reference Count : 1]</p>
    <ul>
      <li>startup_stm32g431xx.o(RESET)</li>
    </ul>
    <p><strong><a name="[c]" id="[c]"></a>RTC_TAMP_LSECSS_IRQHandler</strong> (Thumb, 0 bytes, Stack size 0 bytes, startup_stm32g431xx.o(.text))<br />
    [Address Reference Count : 1]</p>
    <ul>
      <li>startup_stm32g431xx.o(RESET)</li>
    </ul>
    <p><strong><a name="[d]" id="[d]"></a>RTC_WKUP_IRQHandler</strong> (Thumb, 0 bytes, Stack size 0 bytes, startup_stm32g431xx.o(.text))<br />
    [Address Reference Count : 1]</p>
    <ul>
      <li>startup_stm32g431xx.o(RESET)</li>
    </ul>
    <p><strong><a name="[46]" id="[46]"></a>SAI1_IRQHandler</strong> (Thumb, 0 bytes, Stack size 0 bytes, startup_stm32g431xx.o(.text))<br />
    [Address Reference Count : 1]</p>
    <ul>
      <li>startup_stm32g431xx.o(RESET)</li>
    </ul>
    <p><strong><a name="[2c]" id="[2c]"></a>SPI1_IRQHandler</strong> (Thumb, 0 bytes, Stack size 0 bytes, startup_stm32g431xx.o(.text))<br />
    [Address Reference Count : 1]</p>
    <ul>
      <li>startup_stm32g431xx.o(RESET)</li>
    </ul>
    <p><strong><a name="[2d]" id="[2d]"></a>SPI2_IRQHandler</strong> (Thumb, 0 bytes, Stack size 0 bytes, startup_stm32g431xx.o(.text))<br />
    [Address Reference Count : 1]</p>
    <ul>
      <li>startup_stm32g431xx.o(RESET)</li>
    </ul>
    <p><strong><a name="[39]" id="[39]"></a>SPI3_IRQHandler</strong> (Thumb, 0 bytes, Stack size 0 bytes, startup_stm32g431xx.o(.text))<br />
    [Address Reference Count : 1]</p>
    <ul>
      <li>startup_stm32g431xx.o(RESET)</li>
    </ul>
    <p><strong><a name="[21]" id="[21]"></a>TIM1_BRK_TIM15_IRQHandler</strong> (Thumb, 0 bytes, Stack size 0 bytes, startup_stm32g431xx.o(.text))<br />
    [Address Reference Count : 1]</p>
    <ul>
      <li>startup_stm32g431xx.o(RESET)</li>
    </ul>
    <p><strong><a name="[24]" id="[24]"></a>TIM1_CC_IRQHandler</strong> (Thumb, 0 bytes, Stack size 0 bytes, startup_stm32g431xx.o(.text))<br />
    [Address Reference Count : 1]</p>
    <ul>
      <li>startup_stm32g431xx.o(RESET)</li>
    </ul>
    <p><strong><a name="[23]" id="[23]"></a>TIM1_TRG_COM_TIM17_IRQHandler</strong> (Thumb, 0 bytes, Stack size 0 bytes, startup_stm32g431xx.o(.text))<br />
    [Address Reference Count : 1]</p>
    <ul>
      <li>startup_stm32g431xx.o(RESET)</li>
    </ul>
    <p><strong><a name="[22]" id="[22]"></a>TIM1_UP_TIM16_IRQHandler</strong> (Thumb, 0 bytes, Stack size 0 bytes, startup_stm32g431xx.o(.text))<br />
    [Address Reference Count : 1]</p>
    <ul>
      <li>startup_stm32g431xx.o(RESET)</li>
    </ul>
    <p><strong><a name="[25]" id="[25]"></a>TIM2_IRQHandler</strong> (Thumb, 0 bytes, Stack size 0 bytes, startup_stm32g431xx.o(.text))<br />
    [Address Reference Count : 1]</p>
    <ul>
      <li>startup_stm32g431xx.o(RESET)</li>
    </ul>
    <p><strong><a name="[26]" id="[26]"></a>TIM3_IRQHandler</strong> (Thumb, 0 bytes, Stack size 0 bytes, startup_stm32g431xx.o(.text))<br />
    [Address Reference Count : 1]</p>
    <ul>
      <li>startup_stm32g431xx.o(RESET)</li>
    </ul>
    <p><strong><a name="[27]" id="[27]"></a>TIM4_IRQHandler</strong> (Thumb, 0 bytes, Stack size 0 bytes, startup_stm32g431xx.o(.text))<br />
    [Address Reference Count : 1]</p>
    <ul>
      <li>startup_stm32g431xx.o(RESET)</li>
    </ul>
    <p><strong><a name="[3b]" id="[3b]"></a>TIM6_DAC_IRQHandler</strong> (Thumb, 0 bytes, Stack size 0 bytes, startup_stm32g431xx.o(.text))<br />
    [Address Reference Count : 1]</p>
    <ul>
      <li>startup_stm32g431xx.o(RESET)</li>
    </ul>
    <p><strong><a name="[3c]" id="[3c]"></a>TIM7_DAC_IRQHandler</strong> (Thumb, 0 bytes, Stack size 0 bytes, startup_stm32g431xx.o(.text))<br />
    [Address Reference Count : 1]</p>
    <ul>
      <li>startup_stm32g431xx.o(RESET)</li>
    </ul>
    <p><strong><a name="[34]" id="[34]"></a>TIM8_BRK_IRQHandler</strong> (Thumb, 0 bytes, Stack size 0 bytes, startup_stm32g431xx.o(.text))<br />
    [Address Reference Count : 1]</p>
    <ul>
      <li>startup_stm32g431xx.o(RESET)</li>
    </ul>
    <p><strong><a name="[37]" id="[37]"></a>TIM8_CC_IRQHandler</strong> (Thumb, 0 bytes, Stack size 0 bytes, startup_stm32g431xx.o(.text))<br />
    [Address Reference Count : 1]</p>
    <ul>
      <li>startup_stm32g431xx.o(RESET)</li>
    </ul>
    <p><strong><a name="[36]" id="[36]"></a>TIM8_TRG_COM_IRQHandler</strong> (Thumb, 0 bytes, Stack size 0 bytes, startup_stm32g431xx.o(.text))<br />
    [Address Reference Count : 1]</p>
    <ul>
      <li>startup_stm32g431xx.o(RESET)</li>
    </ul>
    <p><strong><a name="[35]" id="[35]"></a>TIM8_UP_IRQHandler</strong> (Thumb, 0 bytes, Stack size 0 bytes, startup_stm32g431xx.o(.text))<br />
    [Address Reference Count : 1]</p>
    <ul>
      <li>startup_stm32g431xx.o(RESET)</li>
    </ul>
    <p><strong><a name="[3a]" id="[3a]"></a>UART4_IRQHandler</strong> (Thumb, 0 bytes, Stack size 0 bytes, startup_stm32g431xx.o(.text))<br />
    [Address Reference Count : 1]</p>
    <ul>
      <li>startup_stm32g431xx.o(RESET)</li>
    </ul>
    <p><strong><a name="[42]" id="[42]"></a>UCPD1_IRQHandler</strong> (Thumb, 0 bytes, Stack size 0 bytes, startup_stm32g431xx.o(.text))<br />
    [Address Reference Count : 1]</p>
    <ul>
      <li>startup_stm32g431xx.o(RESET)</li>
    </ul>
    <p><strong><a name="[2e]" id="[2e]"></a>USART1_IRQHandler</strong> (Thumb, 0 bytes, Stack size 0 bytes, startup_stm32g431xx.o(.text))<br />
    [Address Reference Count : 1]</p>
    <ul>
      <li>startup_stm32g431xx.o(RESET)</li>
    </ul>
    <p><strong><a name="[2f]" id="[2f]"></a>USART2_IRQHandler</strong> (Thumb, 0 bytes, Stack size 0 bytes, startup_stm32g431xx.o(.text))<br />
    [Address Reference Count : 1]</p>
    <ul>
      <li>startup_stm32g431xx.o(RESET)</li>
    </ul>
    <p><strong><a name="[30]" id="[30]"></a>USART3_IRQHandler</strong> (Thumb, 0 bytes, Stack size 0 bytes, startup_stm32g431xx.o(.text))<br />
    [Address Reference Count : 1]</p>
    <ul>
      <li>startup_stm32g431xx.o(RESET)</li>
    </ul>
    <p><strong><a name="[33]" id="[33]"></a>USBWakeUp_IRQHandler</strong> (Thumb, 0 bytes, Stack size 0 bytes, startup_stm32g431xx.o(.text))<br />
    [Address Reference Count : 1]</p>
    <ul>
      <li>startup_stm32g431xx.o(RESET)</li>
    </ul>
    <p><strong><a name="[1c]" id="[1c]"></a>USB_HP_IRQHandler</strong> (Thumb, 0 bytes, Stack size 0 bytes, startup_stm32g431xx.o(.text))<br />
    [Address Reference Count : 1]</p>
    <ul>
      <li>startup_stm32g431xx.o(RESET)</li>
    </ul>
    <p><strong><a name="[1d]" id="[1d]"></a>USB_LP_IRQHandler</strong> (Thumb, 0 bytes, Stack size 0 bytes, startup_stm32g431xx.o(.text))<br />
    [Address Reference Count : 1]</p>
    <ul>
      <li>startup_stm32g431xx.o(RESET)</li>
    </ul>
    <p><strong><a name="[a]" id="[a]"></a>WWDG_IRQHandler</strong> (Thumb, 0 bytes, Stack size 0 bytes, startup_stm32g431xx.o(.text))<br />
    [Address Reference Count : 1]</p>
    <ul>
      <li>startup_stm32g431xx.o(RESET)</li>
    </ul>
    <p><strong><a name="[56]" id="[56]"></a>__aeabi_memset</strong> (Thumb, 14 bytes, Stack size 0 bytes, memseta.o(.text), UNUSED)<br />
    <br />
    [Called By]</p>
    <ul>
      <li><a href="#[57]">&gt;&gt;</a>&nbsp;&nbsp;&nbsp;_memset$wrapper</li>
      <li><a href="#[55]">&gt;&gt;</a>&nbsp;&nbsp;&nbsp;__aeabi_memclr</li>
    </ul>
    <p><strong><a name="[87]" id="[87]"></a>__aeabi_memset4</strong> (Thumb, 0 bytes, Stack size 0 bytes, memseta.o(.text), UNUSED)</p>
    <p><strong><a name="[88]" id="[88]"></a>__aeabi_memset8</strong> (Thumb, 0 bytes, Stack size 0 bytes, memseta.o(.text), UNUSED)</p>
    <p><strong><a name="[55]" id="[55]"></a>__aeabi_memclr</strong> (Thumb, 4 bytes, Stack size 0 bytes, memseta.o(.text), UNUSED)<br />
    <br />
    [Calls]</p>
    <ul>
      <li><a href="#[56]">&gt;&gt;</a>&nbsp;&nbsp;&nbsp;__aeabi_memset</li>
    </ul>
    <p><strong><a name="[66]" id="[66]"></a>__aeabi_memclr4</strong> (Thumb, 0 bytes, Stack size 0 bytes, memseta.o(.text))<br />
    <br />
    [Called By]</p>
    <ul>
      <li><a href="#[6d]">&gt;&gt;</a>&nbsp;&nbsp;&nbsp;LCD_CtrlLinesConfig</li>
      <li><a href="#[68]">&gt;&gt;</a>&nbsp;&nbsp;&nbsp;LCD_BusOut</li>
      <li><a href="#[65]">&gt;&gt;</a>&nbsp;&nbsp;&nbsp;LCD_BusIn</li>
      <li><a href="#[7d]">&gt;&gt;</a>&nbsp;&nbsp;&nbsp;SystemClock_Config</li>
      <li><a href="#[79]">&gt;&gt;</a>&nbsp;&nbsp;&nbsp;MX_GPIO_Init</li>
    </ul>
    <p><strong><a name="[89]" id="[89]"></a>__aeabi_memclr8</strong> (Thumb, 0 bytes, Stack size 0 bytes, memseta.o(.text), UNUSED)</p>
    <p><strong><a name="[57]" id="[57]"></a>_memset$wrapper</strong> (Thumb, 18 bytes, Stack size 8 bytes, memseta.o(.text), UNUSED)<br />
    <br />
    [Calls]</p>
    <ul>
      <li><a href="#[56]">&gt;&gt;</a>&nbsp;&nbsp;&nbsp;__aeabi_memset</li>
    </ul>
    <p><strong><a name="[54]" id="[54]"></a>__scatterload</strong> (Thumb, 28 bytes, Stack size 0 bytes, init.o(.text))<br />
    <br />
    [Calls]</p>
    <ul>
      <li><a href="#[58]">&gt;&gt;</a>&nbsp;&nbsp;&nbsp;__main_after_scatterload</li>
    </ul><br />
    [Called By]
    <ul>
      <li><a href="#[53]">&gt;&gt;</a>&nbsp;&nbsp;&nbsp;_main_scatterload</li>
    </ul>
    <p><strong><a name="[8a]" id="[8a]"></a>__scatterload_rt2</strong> (Thumb, 0 bytes, Stack size 0 bytes, init.o(.text), UNUSED)</p>
    <p><strong><a name="[4]" id="[4]"></a>BusFault_Handler</strong> (Thumb, 2 bytes, Stack size 0 bytes, stm32g4xx_it.o(i.BusFault_Handler))<br />
    <br />
    [Calls]</p>
    <ul>
      <li><a href="#[4]">&gt;&gt;</a>&nbsp;&nbsp;&nbsp;BusFault_Handler</li>
    </ul><br />
    [Called By]
    <ul>
      <li><a href="#[4]">&gt;&gt;</a>&nbsp;&nbsp;&nbsp;BusFault_Handler</li>
    </ul><br />
    [Address Reference Count : 1]
    <ul>
      <li>startup_stm32g431xx.o(RESET)</li>
    </ul>
    <p><strong><a name="[7]" id="[7]"></a>DebugMon_Handler</strong> (Thumb, 2 bytes, Stack size 0 bytes, stm32g4xx_it.o(i.DebugMon_Handler))<br />
    [Address Reference Count : 1]</p>
    <ul>
      <li>startup_stm32g431xx.o(RESET)</li>
    </ul>
    <p><strong><a name="[7b]" id="[7b]"></a>Delay_LCD</strong> (Thumb, 28 bytes, Stack size 0 bytes, lcd.o(i.Delay_LCD))<br />
    <br />
    [Called By]</p>
    <ul>
      <li><a href="#[77]">&gt;&gt;</a>&nbsp;&nbsp;&nbsp;REG_8230_Init</li>
    </ul>
    <p><strong><a name="[59]" id="[59]"></a>HAL_Delay</strong> (Thumb, 32 bytes, Stack size 16 bytes, stm32g4xx_hal.o(i.HAL_Delay))<br />
    <br />
    [Stack]</p>
    <ul>
      <li>Max Depth = 16</li>
      <li>Call Chain = HAL_Delay</li>
    </ul><br />
    [Calls]
    <ul>
      <li><a href="#[5a]">&gt;&gt;</a>&nbsp;&nbsp;&nbsp;HAL_GetTick</li>
    </ul><br />
    [Called By]
    <ul>
      <li><a href="#[76]">&gt;&gt;</a>&nbsp;&nbsp;&nbsp;REG_932X_Init</li>
      <li><a href="#[50]">&gt;&gt;</a>&nbsp;&nbsp;&nbsp;main</li>
    </ul>
    <p><strong><a name="[67]" id="[67]"></a>HAL_GPIO_Init</strong> (Thumb, 422 bytes, Stack size 44 bytes, stm32g4xx_hal_gpio.o(i.HAL_GPIO_Init))<br />
    <br />
    [Stack]</p>
    <ul>
      <li>Max Depth = 44</li>
      <li>Call Chain = HAL_GPIO_Init</li>
    </ul><br />
    [Called By]
    <ul>
      <li><a href="#[6d]">&gt;&gt;</a>&nbsp;&nbsp;&nbsp;LCD_CtrlLinesConfig</li>
      <li><a href="#[68]">&gt;&gt;</a>&nbsp;&nbsp;&nbsp;LCD_BusOut</li>
      <li><a href="#[65]">&gt;&gt;</a>&nbsp;&nbsp;&nbsp;LCD_BusIn</li>
      <li><a href="#[79]">&gt;&gt;</a>&nbsp;&nbsp;&nbsp;MX_GPIO_Init</li>
    </ul>
    <p><strong><a name="[7a]" id="[7a]"></a>HAL_GPIO_WritePin</strong> (Thumb, 10 bytes, Stack size 0 bytes, stm32g4xx_hal_gpio.o(i.HAL_GPIO_WritePin))<br />
    <br />
    [Called By]</p>
    <ul>
      <li><a href="#[79]">&gt;&gt;</a>&nbsp;&nbsp;&nbsp;MX_GPIO_Init</li>
    </ul>
    <p><strong><a name="[5a]" id="[5a]"></a>HAL_GetTick</strong> (Thumb, 6 bytes, Stack size 0 bytes, stm32g4xx_hal.o(i.HAL_GetTick))<br />
    <br />
    [Called By]</p>
    <ul>
      <li><a href="#[64]">&gt;&gt;</a>&nbsp;&nbsp;&nbsp;HAL_RCC_OscConfig</li>
      <li><a href="#[62]">&gt;&gt;</a>&nbsp;&nbsp;&nbsp;HAL_RCC_ClockConfig</li>
      <li><a href="#[59]">&gt;&gt;</a>&nbsp;&nbsp;&nbsp;HAL_Delay</li>
    </ul>
    <p><strong><a name="[7c]" id="[7c]"></a>HAL_IncTick</strong> (Thumb, 12 bytes, Stack size 0 bytes, stm32g4xx_hal.o(i.HAL_IncTick))<br />
    <br />
    [Called By]</p>
    <ul>
      <li><a href="#[9]">&gt;&gt;</a>&nbsp;&nbsp;&nbsp;SysTick_Handler</li>
    </ul>
    <p><strong><a name="[5b]" id="[5b]"></a>HAL_Init</strong> (Thumb, 30 bytes, Stack size 8 bytes, stm32g4xx_hal.o(i.HAL_Init))<br />
    <br />
    [Stack]</p>
    <ul>
      <li>Max Depth = 40</li>
      <li>Call Chain = HAL_Init &rArr; HAL_InitTick &rArr; HAL_NVIC_SetPriority</li>
    </ul><br />
    [Calls]
    <ul>
      <li><a href="#[5e]">&gt;&gt;</a>&nbsp;&nbsp;&nbsp;HAL_MspInit</li>
      <li><a href="#[5d]">&gt;&gt;</a>&nbsp;&nbsp;&nbsp;HAL_InitTick</li>
      <li><a href="#[5c]">&gt;&gt;</a>&nbsp;&nbsp;&nbsp;HAL_NVIC_SetPriorityGrouping</li>
    </ul><br />
    [Called By]
    <ul>
      <li><a href="#[50]">&gt;&gt;</a>&nbsp;&nbsp;&nbsp;main</li>
    </ul>
    <p><strong><a name="[5d]" id="[5d]"></a>HAL_InitTick</strong> (Thumb, 58 bytes, Stack size 16 bytes, stm32g4xx_hal.o(i.HAL_InitTick))<br />
    <br />
    [Stack]</p>
    <ul>
      <li>Max Depth = 32</li>
      <li>Call Chain = HAL_InitTick &rArr; HAL_NVIC_SetPriority</li>
    </ul><br />
    [Calls]
    <ul>
      <li><a href="#[5f]">&gt;&gt;</a>&nbsp;&nbsp;&nbsp;HAL_SYSTICK_Config</li>
      <li><a href="#[60]">&gt;&gt;</a>&nbsp;&nbsp;&nbsp;HAL_NVIC_SetPriority</li>
    </ul><br />
    [Called By]
    <ul>
      <li><a href="#[64]">&gt;&gt;</a>&nbsp;&nbsp;&nbsp;HAL_RCC_OscConfig</li>
      <li><a href="#[62]">&gt;&gt;</a>&nbsp;&nbsp;&nbsp;HAL_RCC_ClockConfig</li>
      <li><a href="#[5b]">&gt;&gt;</a>&nbsp;&nbsp;&nbsp;HAL_Init</li>
    </ul>
    <p><strong><a name="[5e]" id="[5e]"></a>HAL_MspInit</strong> (Thumb, 48 bytes, Stack size 8 bytes, stm32g4xx_hal_msp.o(i.HAL_MspInit))<br />
    <br />
    [Stack]</p>
    <ul>
      <li>Max Depth = 8</li>
      <li>Call Chain = HAL_MspInit</li>
    </ul><br />
    [Called By]
    <ul>
      <li><a href="#[5b]">&gt;&gt;</a>&nbsp;&nbsp;&nbsp;HAL_Init</li>
    </ul>
    <p><strong><a name="[60]" id="[60]"></a>HAL_NVIC_SetPriority</strong> (Thumb, 60 bytes, Stack size 16 bytes, stm32g4xx_hal_cortex.o(i.HAL_NVIC_SetPriority))<br />
    <br />
    [Stack]</p>
    <ul>
      <li>Max Depth = 16</li>
      <li>Call Chain = HAL_NVIC_SetPriority</li>
    </ul><br />
    [Calls]
    <ul>
      <li><a href="#[61]">&gt;&gt;</a>&nbsp;&nbsp;&nbsp;__NVIC_SetPriority</li>
    </ul><br />
    [Called By]
    <ul>
      <li><a href="#[5d]">&gt;&gt;</a>&nbsp;&nbsp;&nbsp;HAL_InitTick</li>
    </ul>
    <p><strong><a name="[5c]" id="[5c]"></a>HAL_NVIC_SetPriorityGrouping</strong> (Thumb, 26 bytes, Stack size 0 bytes, stm32g4xx_hal_cortex.o(i.HAL_NVIC_SetPriorityGrouping))<br />
    <br />
    [Called By]</p>
    <ul>
      <li><a href="#[5b]">&gt;&gt;</a>&nbsp;&nbsp;&nbsp;HAL_Init</li>
    </ul>
    <p><strong><a name="[7e]" id="[7e]"></a>HAL_PWREx_ControlVoltageScaling</strong> (Thumb, 174 bytes, Stack size 0 bytes, stm32g4xx_hal_pwr_ex.o(i.HAL_PWREx_ControlVoltageScaling))<br />
    <br />
    [Called By]</p>
    <ul>
      <li><a href="#[7d]">&gt;&gt;</a>&nbsp;&nbsp;&nbsp;SystemClock_Config</li>
    </ul>
    <p><strong><a name="[62]" id="[62]"></a>HAL_RCC_ClockConfig</strong> (Thumb, 444 bytes, Stack size 32 bytes, stm32g4xx_hal_rcc.o(i.HAL_RCC_ClockConfig))<br />
    <br />
    [Stack]</p>
    <ul>
      <li>Max Depth = 64</li>
      <li>Call Chain = HAL_RCC_ClockConfig &rArr; HAL_InitTick &rArr; HAL_NVIC_SetPriority</li>
    </ul><br />
    [Calls]
    <ul>
      <li><a href="#[63]">&gt;&gt;</a>&nbsp;&nbsp;&nbsp;HAL_RCC_GetSysClockFreq</li>
      <li><a href="#[5d]">&gt;&gt;</a>&nbsp;&nbsp;&nbsp;HAL_InitTick</li>
      <li><a href="#[5a]">&gt;&gt;</a>&nbsp;&nbsp;&nbsp;HAL_GetTick</li>
    </ul><br />
    [Called By]
    <ul>
      <li><a href="#[7d]">&gt;&gt;</a>&nbsp;&nbsp;&nbsp;SystemClock_Config</li>
    </ul>
    <p><strong><a name="[63]" id="[63]"></a>HAL_RCC_GetSysClockFreq</strong> (Thumb, 98 bytes, Stack size 8 bytes, stm32g4xx_hal_rcc.o(i.HAL_RCC_GetSysClockFreq))<br />
    <br />
    [Stack]</p>
    <ul>
      <li>Max Depth = 8</li>
      <li>Call Chain = HAL_RCC_GetSysClockFreq</li>
    </ul><br />
    [Called By]
    <ul>
      <li><a href="#[62]">&gt;&gt;</a>&nbsp;&nbsp;&nbsp;HAL_RCC_ClockConfig</li>
    </ul>
    <p><strong><a name="[64]" id="[64]"></a>HAL_RCC_OscConfig</strong> (Thumb, 1036 bytes, Stack size 32 bytes, stm32g4xx_hal_rcc.o(i.HAL_RCC_OscConfig))<br />
    <br />
    [Stack]</p>
    <ul>
      <li>Max Depth = 64</li>
      <li>Call Chain = HAL_RCC_OscConfig &rArr; HAL_InitTick &rArr; HAL_NVIC_SetPriority</li>
    </ul><br />
    [Calls]
    <ul>
      <li><a href="#[5d]">&gt;&gt;</a>&nbsp;&nbsp;&nbsp;HAL_InitTick</li>
      <li><a href="#[5a]">&gt;&gt;</a>&nbsp;&nbsp;&nbsp;HAL_GetTick</li>
    </ul><br />
    [Called By]
    <ul>
      <li><a href="#[7d]">&gt;&gt;</a>&nbsp;&nbsp;&nbsp;SystemClock_Config</li>
    </ul>
    <p><strong><a name="[5f]" id="[5f]"></a>HAL_SYSTICK_Config</strong> (Thumb, 40 bytes, Stack size 8 bytes, stm32g4xx_hal_cortex.o(i.HAL_SYSTICK_Config))<br />
    <br />
    [Stack]</p>
    <ul>
      <li>Max Depth = 8</li>
      <li>Call Chain = HAL_SYSTICK_Config</li>
    </ul><br />
    [Calls]
    <ul>
      <li><a href="#[61]">&gt;&gt;</a>&nbsp;&nbsp;&nbsp;__NVIC_SetPriority</li>
    </ul><br />
    [Called By]
    <ul>
      <li><a href="#[5d]">&gt;&gt;</a>&nbsp;&nbsp;&nbsp;HAL_InitTick</li>
    </ul>
    <p><strong><a name="[2]" id="[2]"></a>HardFault_Handler</strong> (Thumb, 2 bytes, Stack size 0 bytes, stm32g4xx_it.o(i.HardFault_Handler))<br />
    <br />
    [Calls]</p>
    <ul>
      <li><a href="#[2]">&gt;&gt;</a>&nbsp;&nbsp;&nbsp;HardFault_Handler</li>
    </ul><br />
    [Called By]
    <ul>
      <li><a href="#[2]">&gt;&gt;</a>&nbsp;&nbsp;&nbsp;HardFault_Handler</li>
    </ul><br />
    [Address Reference Count : 1]
    <ul>
      <li>startup_stm32g431xx.o(RESET)</li>
    </ul>
    <p><strong><a name="[65]" id="[65]"></a>LCD_BusIn</strong> (Thumb, 40 bytes, Stack size 24 bytes, lcd.o(i.LCD_BusIn))<br />
    <br />
    [Stack]</p>
    <ul>
      <li>Max Depth = 68</li>
      <li>Call Chain = LCD_BusIn &rArr; HAL_GPIO_Init</li>
    </ul><br />
    [Calls]
    <ul>
      <li><a href="#[67]">&gt;&gt;</a>&nbsp;&nbsp;&nbsp;HAL_GPIO_Init</li>
      <li><a href="#[66]">&gt;&gt;</a>&nbsp;&nbsp;&nbsp;__aeabi_memclr4</li>
    </ul><br />
    [Called By]
    <ul>
      <li><a href="#[75]">&gt;&gt;</a>&nbsp;&nbsp;&nbsp;LCD_ReadReg</li>
    </ul>
    <p><strong><a name="[68]" id="[68]"></a>LCD_BusOut</strong> (Thumb, 42 bytes, Stack size 24 bytes, lcd.o(i.LCD_BusOut))<br />
    <br />
    [Stack]</p>
    <ul>
      <li>Max Depth = 68</li>
      <li>Call Chain = LCD_BusOut &rArr; HAL_GPIO_Init</li>
    </ul><br />
    [Calls]
    <ul>
      <li><a href="#[67]">&gt;&gt;</a>&nbsp;&nbsp;&nbsp;HAL_GPIO_Init</li>
      <li><a href="#[66]">&gt;&gt;</a>&nbsp;&nbsp;&nbsp;__aeabi_memclr4</li>
    </ul><br />
    [Called By]
    <ul>
      <li><a href="#[75]">&gt;&gt;</a>&nbsp;&nbsp;&nbsp;LCD_ReadReg</li>
      <li><a href="#[6d]">&gt;&gt;</a>&nbsp;&nbsp;&nbsp;LCD_CtrlLinesConfig</li>
    </ul>
    <p><strong><a name="[69]" id="[69]"></a>LCD_Clear</strong> (Thumb, 36 bytes, Stack size 16 bytes, lcd.o(i.LCD_Clear))<br />
    <br />
    [Stack]</p>
    <ul>
      <li>Max Depth = 32</li>
      <li>Call Chain = LCD_Clear &rArr; LCD_SetCursor &rArr; LCD_WriteReg</li>
    </ul><br />
    [Calls]
    <ul>
      <li><a href="#[6b]">&gt;&gt;</a>&nbsp;&nbsp;&nbsp;LCD_WriteRAM_Prepare</li>
      <li><a href="#[6c]">&gt;&gt;</a>&nbsp;&nbsp;&nbsp;LCD_WriteRAM</li>
      <li><a href="#[6a]">&gt;&gt;</a>&nbsp;&nbsp;&nbsp;LCD_SetCursor</li>
    </ul><br />
    [Called By]
    <ul>
      <li><a href="#[50]">&gt;&gt;</a>&nbsp;&nbsp;&nbsp;main</li>
    </ul>
    <p><strong><a name="[6d]" id="[6d]"></a>LCD_CtrlLinesConfig</strong> (Thumb, 136 bytes, Stack size 40 bytes, lcd.o(i.LCD_CtrlLinesConfig))<br />
    <br />
    [Stack]</p>
    <ul>
      <li>Max Depth = 108</li>
      <li>Call Chain = LCD_CtrlLinesConfig &rArr; LCD_BusOut &rArr; HAL_GPIO_Init</li>
    </ul><br />
    [Calls]
    <ul>
      <li><a href="#[68]">&gt;&gt;</a>&nbsp;&nbsp;&nbsp;LCD_BusOut</li>
      <li><a href="#[67]">&gt;&gt;</a>&nbsp;&nbsp;&nbsp;HAL_GPIO_Init</li>
      <li><a href="#[66]">&gt;&gt;</a>&nbsp;&nbsp;&nbsp;__aeabi_memclr4</li>
    </ul><br />
    [Called By]
    <ul>
      <li><a href="#[74]">&gt;&gt;</a>&nbsp;&nbsp;&nbsp;LCD_Init</li>
    </ul>
    <p><strong><a name="[6e]" id="[6e]"></a>LCD_DisplayChar</strong> (Thumb, 18 bytes, Stack size 0 bytes, lcd.o(i.LCD_DisplayChar))<br />
    <br />
    [Stack]</p>
    <ul>
      <li>Max Depth = 48</li>
      <li>Call Chain = LCD_DisplayChar &rArr; LCD_DrawChar &rArr; LCD_SetCursor &rArr; LCD_WriteReg</li>
    </ul><br />
    [Calls]
    <ul>
      <li><a href="#[6f]">&gt;&gt;</a>&nbsp;&nbsp;&nbsp;LCD_DrawChar</li>
    </ul><br />
    [Called By]
    <ul>
      <li><a href="#[70]">&gt;&gt;</a>&nbsp;&nbsp;&nbsp;LCD_DisplayStringLine</li>
    </ul>
    <p><strong><a name="[70]" id="[70]"></a>LCD_DisplayStringLine</strong> (Thumb, 42 bytes, Stack size 20 bytes, lcd.o(i.LCD_DisplayStringLine))<br />
    <br />
    [Stack]</p>
    <ul>
      <li>Max Depth = 68</li>
      <li>Call Chain = LCD_DisplayStringLine &rArr; LCD_DisplayChar &rArr; LCD_DrawChar &rArr; LCD_SetCursor &rArr; LCD_WriteReg</li>
    </ul><br />
    [Calls]
    <ul>
      <li><a href="#[6e]">&gt;&gt;</a>&nbsp;&nbsp;&nbsp;LCD_DisplayChar</li>
    </ul><br />
    [Called By]
    <ul>
      <li><a href="#[50]">&gt;&gt;</a>&nbsp;&nbsp;&nbsp;main</li>
    </ul>
    <p><strong><a name="[6f]" id="[6f]"></a>LCD_DrawChar</strong> (Thumb, 84 bytes, Stack size 32 bytes, lcd.o(i.LCD_DrawChar))<br />
    <br />
    [Stack]</p>
    <ul>
      <li>Max Depth = 48</li>
      <li>Call Chain = LCD_DrawChar &rArr; LCD_SetCursor &rArr; LCD_WriteReg</li>
    </ul><br />
    [Calls]
    <ul>
      <li><a href="#[6b]">&gt;&gt;</a>&nbsp;&nbsp;&nbsp;LCD_WriteRAM_Prepare</li>
      <li><a href="#[6c]">&gt;&gt;</a>&nbsp;&nbsp;&nbsp;LCD_WriteRAM</li>
      <li><a href="#[6a]">&gt;&gt;</a>&nbsp;&nbsp;&nbsp;LCD_SetCursor</li>
    </ul><br />
    [Called By]
    <ul>
      <li><a href="#[6e]">&gt;&gt;</a>&nbsp;&nbsp;&nbsp;LCD_DisplayChar</li>
    </ul>
    <p><strong><a name="[71]" id="[71]"></a>LCD_DrawCircle</strong> (Thumb, 262 bytes, Stack size 40 bytes, lcd.o(i.LCD_DrawCircle))<br />
    <br />
    [Stack]</p>
    <ul>
      <li>Max Depth = 56</li>
      <li>Call Chain = LCD_DrawCircle &rArr; LCD_SetCursor &rArr; LCD_WriteReg</li>
    </ul><br />
    [Calls]
    <ul>
      <li><a href="#[6b]">&gt;&gt;</a>&nbsp;&nbsp;&nbsp;LCD_WriteRAM_Prepare</li>
      <li><a href="#[6c]">&gt;&gt;</a>&nbsp;&nbsp;&nbsp;LCD_WriteRAM</li>
      <li><a href="#[6a]">&gt;&gt;</a>&nbsp;&nbsp;&nbsp;LCD_SetCursor</li>
    </ul><br />
    [Called By]
    <ul>
      <li><a href="#[50]">&gt;&gt;</a>&nbsp;&nbsp;&nbsp;main</li>
    </ul>
    <p><strong><a name="[72]" id="[72]"></a>LCD_DrawLine</strong> (Thumb, 78 bytes, Stack size 28 bytes, lcd.o(i.LCD_DrawLine))<br />
    <br />
    [Stack]</p>
    <ul>
      <li>Max Depth = 44</li>
      <li>Call Chain = LCD_DrawLine &rArr; LCD_SetCursor &rArr; LCD_WriteReg</li>
    </ul><br />
    [Calls]
    <ul>
      <li><a href="#[6b]">&gt;&gt;</a>&nbsp;&nbsp;&nbsp;LCD_WriteRAM_Prepare</li>
      <li><a href="#[6c]">&gt;&gt;</a>&nbsp;&nbsp;&nbsp;LCD_WriteRAM</li>
      <li><a href="#[6a]">&gt;&gt;</a>&nbsp;&nbsp;&nbsp;LCD_SetCursor</li>
    </ul><br />
    [Called By]
    <ul>
      <li><a href="#[73]">&gt;&gt;</a>&nbsp;&nbsp;&nbsp;LCD_DrawRect</li>
      <li><a href="#[50]">&gt;&gt;</a>&nbsp;&nbsp;&nbsp;main</li>
    </ul>
    <p><strong><a name="[73]" id="[73]"></a>LCD_DrawRect</strong> (Thumb, 64 bytes, Stack size 20 bytes, lcd.o(i.LCD_DrawRect))<br />
    <br />
    [Stack]</p>
    <ul>
      <li>Max Depth = 64</li>
      <li>Call Chain = LCD_DrawRect &rArr; LCD_DrawLine &rArr; LCD_SetCursor &rArr; LCD_WriteReg</li>
    </ul><br />
    [Calls]
    <ul>
      <li><a href="#[72]">&gt;&gt;</a>&nbsp;&nbsp;&nbsp;LCD_DrawLine</li>
    </ul><br />
    [Called By]
    <ul>
      <li><a href="#[50]">&gt;&gt;</a>&nbsp;&nbsp;&nbsp;main</li>
    </ul>
    <p><strong><a name="[74]" id="[74]"></a>LCD_Init</strong> (Thumb, 46 bytes, Stack size 8 bytes, lcd.o(i.LCD_Init))<br />
    <br />
    [Stack]</p>
    <ul>
      <li>Max Depth = 116</li>
      <li>Call Chain = LCD_Init &rArr; LCD_CtrlLinesConfig &rArr; LCD_BusOut &rArr; HAL_GPIO_Init</li>
    </ul><br />
    [Calls]
    <ul>
      <li><a href="#[76]">&gt;&gt;</a>&nbsp;&nbsp;&nbsp;REG_932X_Init</li>
      <li><a href="#[77]">&gt;&gt;</a>&nbsp;&nbsp;&nbsp;REG_8230_Init</li>
      <li><a href="#[75]">&gt;&gt;</a>&nbsp;&nbsp;&nbsp;LCD_ReadReg</li>
      <li><a href="#[6d]">&gt;&gt;</a>&nbsp;&nbsp;&nbsp;LCD_CtrlLinesConfig</li>
    </ul><br />
    [Called By]
    <ul>
      <li><a href="#[50]">&gt;&gt;</a>&nbsp;&nbsp;&nbsp;main</li>
    </ul>
    <p><strong><a name="[75]" id="[75]"></a>LCD_ReadReg</strong> (Thumb, 120 bytes, Stack size 16 bytes, lcd.o(i.LCD_ReadReg))<br />
    <br />
    [Stack]</p>
    <ul>
      <li>Max Depth = 84</li>
      <li>Call Chain = LCD_ReadReg &rArr; LCD_BusOut &rArr; HAL_GPIO_Init</li>
    </ul><br />
    [Calls]
    <ul>
      <li><a href="#[68]">&gt;&gt;</a>&nbsp;&nbsp;&nbsp;LCD_BusOut</li>
      <li><a href="#[65]">&gt;&gt;</a>&nbsp;&nbsp;&nbsp;LCD_BusIn</li>
    </ul><br />
    [Called By]
    <ul>
      <li><a href="#[74]">&gt;&gt;</a>&nbsp;&nbsp;&nbsp;LCD_Init</li>
    </ul>
    <p><strong><a name="[7f]" id="[7f]"></a>LCD_SetBackColor</strong> (Thumb, 12 bytes, Stack size 8 bytes, lcd.o(i.LCD_SetBackColor))<br />
    <br />
    [Stack]</p>
    <ul>
      <li>Max Depth = 8</li>
      <li>Call Chain = LCD_SetBackColor</li>
    </ul><br />
    [Called By]
    <ul>
      <li><a href="#[50]">&gt;&gt;</a>&nbsp;&nbsp;&nbsp;main</li>
    </ul>
    <p><strong><a name="[6a]" id="[6a]"></a>LCD_SetCursor</strong> (Thumb, 24 bytes, Stack size 8 bytes, lcd.o(i.LCD_SetCursor))<br />
    <br />
    [Stack]</p>
    <ul>
      <li>Max Depth = 16</li>
      <li>Call Chain = LCD_SetCursor &rArr; LCD_WriteReg</li>
    </ul><br />
    [Calls]
    <ul>
      <li><a href="#[78]">&gt;&gt;</a>&nbsp;&nbsp;&nbsp;LCD_WriteReg</li>
    </ul><br />
    [Called By]
    <ul>
      <li><a href="#[6f]">&gt;&gt;</a>&nbsp;&nbsp;&nbsp;LCD_DrawChar</li>
      <li><a href="#[72]">&gt;&gt;</a>&nbsp;&nbsp;&nbsp;LCD_DrawLine</li>
      <li><a href="#[71]">&gt;&gt;</a>&nbsp;&nbsp;&nbsp;LCD_DrawCircle</li>
      <li><a href="#[69]">&gt;&gt;</a>&nbsp;&nbsp;&nbsp;LCD_Clear</li>
    </ul>
    <p><strong><a name="[80]" id="[80]"></a>LCD_SetTextColor</strong> (Thumb, 12 bytes, Stack size 8 bytes, lcd.o(i.LCD_SetTextColor))<br />
    <br />
    [Stack]</p>
    <ul>
      <li>Max Depth = 8</li>
      <li>Call Chain = LCD_SetTextColor</li>
    </ul><br />
    [Called By]
    <ul>
      <li><a href="#[50]">&gt;&gt;</a>&nbsp;&nbsp;&nbsp;main</li>
    </ul>
    <p><strong><a name="[6c]" id="[6c]"></a>LCD_WriteRAM</strong> (Thumb, 80 bytes, Stack size 0 bytes, lcd.o(i.LCD_WriteRAM))<br />
    <br />
    [Called By]</p>
    <ul>
      <li><a href="#[6f]">&gt;&gt;</a>&nbsp;&nbsp;&nbsp;LCD_DrawChar</li>
      <li><a href="#[72]">&gt;&gt;</a>&nbsp;&nbsp;&nbsp;LCD_DrawLine</li>
      <li><a href="#[71]">&gt;&gt;</a>&nbsp;&nbsp;&nbsp;LCD_DrawCircle</li>
      <li><a href="#[69]">&gt;&gt;</a>&nbsp;&nbsp;&nbsp;LCD_Clear</li>
    </ul>
    <p><strong><a name="[6b]" id="[6b]"></a>LCD_WriteRAM_Prepare</strong> (Thumb, 82 bytes, Stack size 0 bytes, lcd.o(i.LCD_WriteRAM_Prepare))<br />
    <br />
    [Called By]</p>
    <ul>
      <li><a href="#[6f]">&gt;&gt;</a>&nbsp;&nbsp;&nbsp;LCD_DrawChar</li>
      <li><a href="#[72]">&gt;&gt;</a>&nbsp;&nbsp;&nbsp;LCD_DrawLine</li>
      <li><a href="#[71]">&gt;&gt;</a>&nbsp;&nbsp;&nbsp;LCD_DrawCircle</li>
      <li><a href="#[69]">&gt;&gt;</a>&nbsp;&nbsp;&nbsp;LCD_Clear</li>
    </ul>
    <p><strong><a name="[78]" id="[78]"></a>LCD_WriteReg</strong> (Thumb, 100 bytes, Stack size 8 bytes, lcd.o(i.LCD_WriteReg))<br />
    <br />
    [Stack]</p>
    <ul>
      <li>Max Depth = 8</li>
      <li>Call Chain = LCD_WriteReg</li>
    </ul><br />
    [Called By]
    <ul>
      <li><a href="#[76]">&gt;&gt;</a>&nbsp;&nbsp;&nbsp;REG_932X_Init</li>
      <li><a href="#[77]">&gt;&gt;</a>&nbsp;&nbsp;&nbsp;REG_8230_Init</li>
      <li><a href="#[6a]">&gt;&gt;</a>&nbsp;&nbsp;&nbsp;LCD_SetCursor</li>
    </ul>
    <p><strong><a name="[3]" id="[3]"></a>MemManage_Handler</strong> (Thumb, 2 bytes, Stack size 0 bytes, stm32g4xx_it.o(i.MemManage_Handler))<br />
    <br />
    [Calls]</p>
    <ul>
      <li><a href="#[3]">&gt;&gt;</a>&nbsp;&nbsp;&nbsp;MemManage_Handler</li>
    </ul><br />
    [Called By]
    <ul>
      <li><a href="#[3]">&gt;&gt;</a>&nbsp;&nbsp;&nbsp;MemManage_Handler</li>
    </ul><br />
    [Address Reference Count : 1]
    <ul>
      <li>startup_stm32g431xx.o(RESET)</li>
    </ul>
    <p><strong><a name="[1]" id="[1]"></a>NMI_Handler</strong> (Thumb, 2 bytes, Stack size 0 bytes, stm32g4xx_it.o(i.NMI_Handler))<br />
    [Address Reference Count : 1]</p>
    <ul>
      <li>startup_stm32g431xx.o(RESET)</li>
    </ul>
    <p><strong><a name="[8]" id="[8]"></a>PendSV_Handler</strong> (Thumb, 2 bytes, Stack size 0 bytes, stm32g4xx_it.o(i.PendSV_Handler))<br />
    [Address Reference Count : 1]</p>
    <ul>
      <li>startup_stm32g431xx.o(RESET)</li>
    </ul>
    <p><strong><a name="[77]" id="[77]"></a>REG_8230_Init</strong> (Thumb, 274 bytes, Stack size 12 bytes, lcd.o(i.REG_8230_Init))<br />
    <br />
    [Stack]</p>
    <ul>
      <li>Max Depth = 20</li>
      <li>Call Chain = REG_8230_Init &rArr; LCD_WriteReg</li>
    </ul><br />
    [Calls]
    <ul>
      <li><a href="#[78]">&gt;&gt;</a>&nbsp;&nbsp;&nbsp;LCD_WriteReg</li>
      <li><a href="#[7b]">&gt;&gt;</a>&nbsp;&nbsp;&nbsp;Delay_LCD</li>
    </ul><br />
    [Called By]
    <ul>
      <li><a href="#[74]">&gt;&gt;</a>&nbsp;&nbsp;&nbsp;LCD_Init</li>
    </ul>
    <p><strong><a name="[76]" id="[76]"></a>REG_932X_Init</strong> (Thumb, 514 bytes, Stack size 8 bytes, lcd.o(i.REG_932X_Init))<br />
    <br />
    [Stack]</p>
    <ul>
      <li>Max Depth = 24</li>
      <li>Call Chain = REG_932X_Init &rArr; HAL_Delay</li>
    </ul><br />
    [Calls]
    <ul>
      <li><a href="#[78]">&gt;&gt;</a>&nbsp;&nbsp;&nbsp;LCD_WriteReg</li>
      <li><a href="#[59]">&gt;&gt;</a>&nbsp;&nbsp;&nbsp;HAL_Delay</li>
    </ul><br />
    [Called By]
    <ul>
      <li><a href="#[74]">&gt;&gt;</a>&nbsp;&nbsp;&nbsp;LCD_Init</li>
    </ul>
    <p><strong><a name="[6]" id="[6]"></a>SVC_Handler</strong> (Thumb, 2 bytes, Stack size 0 bytes, stm32g4xx_it.o(i.SVC_Handler))<br />
    [Address Reference Count : 1]</p>
    <ul>
      <li>startup_stm32g431xx.o(RESET)</li>
    </ul>
    <p><strong><a name="[9]" id="[9]"></a>SysTick_Handler</strong> (Thumb, 4 bytes, Stack size 0 bytes, stm32g4xx_it.o(i.SysTick_Handler))<br />
    <br />
    [Calls]</p>
    <ul>
      <li><a href="#[7c]">&gt;&gt;</a>&nbsp;&nbsp;&nbsp;HAL_IncTick</li>
    </ul><br />
    [Address Reference Count : 1]
    <ul>
      <li>startup_stm32g431xx.o(RESET)</li>
    </ul>
    <p><strong><a name="[7d]" id="[7d]"></a>SystemClock_Config</strong> (Thumb, 90 bytes, Stack size 80 bytes, main.o(i.SystemClock_Config))<br />
    <br />
    [Stack]</p>
    <ul>
      <li>Max Depth = 144</li>
      <li>Call Chain = SystemClock_Config &rArr; HAL_RCC_OscConfig &rArr; HAL_InitTick &rArr; HAL_NVIC_SetPriority</li>
    </ul><br />
    [Calls]
    <ul>
      <li><a href="#[64]">&gt;&gt;</a>&nbsp;&nbsp;&nbsp;HAL_RCC_OscConfig</li>
      <li><a href="#[62]">&gt;&gt;</a>&nbsp;&nbsp;&nbsp;HAL_RCC_ClockConfig</li>
      <li><a href="#[7e]">&gt;&gt;</a>&nbsp;&nbsp;&nbsp;HAL_PWREx_ControlVoltageScaling</li>
      <li><a href="#[66]">&gt;&gt;</a>&nbsp;&nbsp;&nbsp;__aeabi_memclr4</li>
    </ul><br />
    [Called By]
    <ul>
      <li><a href="#[50]">&gt;&gt;</a>&nbsp;&nbsp;&nbsp;main</li>
    </ul>
    <p><strong><a name="[51]" id="[51]"></a>SystemInit</strong> (Thumb, 22 bytes, Stack size 0 bytes, system_stm32g4xx.o(i.SystemInit))<br />
    [Address Reference Count : 1]</p>
    <ul>
      <li>startup_stm32g431xx.o(.text)</li>
    </ul>
    <p><strong><a name="[5]" id="[5]"></a>UsageFault_Handler</strong> (Thumb, 2 bytes, Stack size 0 bytes, stm32g4xx_it.o(i.UsageFault_Handler))<br />
    <br />
    [Calls]</p>
    <ul>
      <li><a href="#[5]">&gt;&gt;</a>&nbsp;&nbsp;&nbsp;UsageFault_Handler</li>
    </ul><br />
    [Called By]
    <ul>
      <li><a href="#[5]">&gt;&gt;</a>&nbsp;&nbsp;&nbsp;UsageFault_Handler</li>
    </ul><br />
    [Address Reference Count : 1]
    <ul>
      <li>startup_stm32g431xx.o(RESET)</li>
    </ul>
    <p><strong><a name="[8b]" id="[8b]"></a>__scatterload_copy</strong> (Thumb, 14 bytes, Stack size unknown bytes, handlers.o(i.__scatterload_copy), UNUSED)</p>
    <p><strong><a name="[8c]" id="[8c]"></a>__scatterload_null</strong> (Thumb, 2 bytes, Stack size unknown bytes, handlers.o(i.__scatterload_null), UNUSED)</p>
    <p><strong><a name="[8d]" id="[8d]"></a>__scatterload_zeroinit</strong> (Thumb, 14 bytes, Stack size unknown bytes, handlers.o(i.__scatterload_zeroinit), UNUSED)</p>
    <p><strong><a name="[50]" id="[50]"></a>main</strong> (Thumb, 294 bytes, Stack size 0 bytes, main.o(i.main))<br />
    <br />
    [Stack]</p>
    <ul>
      <li>Max Depth = 144</li>
      <li>Call Chain = main &rArr; SystemClock_Config &rArr; HAL_RCC_OscConfig &rArr; HAL_InitTick &rArr; HAL_NVIC_SetPriority</li>
    </ul><br />
    [Calls]
    <ul>
      <li><a href="#[80]">&gt;&gt;</a>&nbsp;&nbsp;&nbsp;LCD_SetTextColor</li>
      <li><a href="#[7f]">&gt;&gt;</a>&nbsp;&nbsp;&nbsp;LCD_SetBackColor</li>
      <li><a href="#[74]">&gt;&gt;</a>&nbsp;&nbsp;&nbsp;LCD_Init</li>
      <li><a href="#[73]">&gt;&gt;</a>&nbsp;&nbsp;&nbsp;LCD_DrawRect</li>
      <li><a href="#[72]">&gt;&gt;</a>&nbsp;&nbsp;&nbsp;LCD_DrawLine</li>
      <li><a href="#[71]">&gt;&gt;</a>&nbsp;&nbsp;&nbsp;LCD_DrawCircle</li>
      <li><a href="#[70]">&gt;&gt;</a>&nbsp;&nbsp;&nbsp;LCD_DisplayStringLine</li>
      <li><a href="#[69]">&gt;&gt;</a>&nbsp;&nbsp;&nbsp;LCD_Clear</li>
      <li><a href="#[5b]">&gt;&gt;</a>&nbsp;&nbsp;&nbsp;HAL_Init</li>
      <li><a href="#[59]">&gt;&gt;</a>&nbsp;&nbsp;&nbsp;HAL_Delay</li>
      <li><a href="#[7d]">&gt;&gt;</a>&nbsp;&nbsp;&nbsp;SystemClock_Config</li>
      <li><a href="#[79]">&gt;&gt;</a>&nbsp;&nbsp;&nbsp;MX_GPIO_Init</li>
    </ul><br />
    [Address Reference Count : 1]
    <ul>
      <li>entry9a.o(.ARM.Collect$$$$0000000B)</li>
    </ul>
    <p></p>
    <h3>Local Symbols</h3>
    <p><strong><a name="[79]" id="[79]"></a>MX_GPIO_Init</strong> (Thumb, 192 bytes, Stack size 56 bytes, main.o(i.MX_GPIO_Init))<br />
    <br />
    [Stack]</p>
    <ul>
      <li>Max Depth = 100</li>
      <li>Call Chain = MX_GPIO_Init &rArr; HAL_GPIO_Init</li>
    </ul><br />
    [Calls]
    <ul>
      <li><a href="#[7a]">&gt;&gt;</a>&nbsp;&nbsp;&nbsp;HAL_GPIO_WritePin</li>
      <li><a href="#[67]">&gt;&gt;</a>&nbsp;&nbsp;&nbsp;HAL_GPIO_Init</li>
      <li><a href="#[66]">&gt;&gt;</a>&nbsp;&nbsp;&nbsp;__aeabi_memclr4</li>
    </ul><br />
    [Called By]
    <ul>
      <li><a href="#[50]">&gt;&gt;</a>&nbsp;&nbsp;&nbsp;main</li>
    </ul>
    <p><strong><a name="[61]" id="[61]"></a>__NVIC_SetPriority</strong> (Thumb, 32 bytes, Stack size 0 bytes, stm32g4xx_hal_cortex.o(i.__NVIC_SetPriority))<br />
    <br />
    [Called By]</p>
    <ul>
      <li><a href="#[5f]">&gt;&gt;</a>&nbsp;&nbsp;&nbsp;HAL_SYSTICK_Config</li>
      <li><a href="#[60]">&gt;&gt;</a>&nbsp;&nbsp;&nbsp;HAL_NVIC_SetPriority</li>
    </ul>
    <p></p>
    <h3>Undefined Global Symbols</h3>
    <hr />
  </li>
</body>
</html>
