<!DOCTYPE html>
<html xmlns="http://www.w3.org/1999/xhtml">
<head>
  <title></title>
</head>
<body>
  <pre>
</pre>
  <h1>礦ision Build Log</h1>
  <pre>
</pre>
  <h2>Tool Versions:</h2>
  <pre>
IDE-Version: μVision V5.25.2.0
Copyright (C) 2018 ARM Ltd and ARM Germany GmbH. All rights reserved.
License Information: 1 ZPC, 1, LIC=TIVNB-2AHV7-EVU1R-KST5I-F68J9-F7QGL
 
Tool Versions:
Toolchain:       MDK-ARM Plus  Version: 5.25.2.0
Toolchain Path:  D:\Keil_v5\ARM\ARMCC\Bin
C Compiler:      Armcc.exe V5.06 update 6 (build 750)
Assembler:       Armasm.exe V5.06 update 6 (build 750)
Linker/Locator:  ArmLink.exe V5.06 update 6 (build 750)
Library Manager: ArmAr.exe V5.06 update 6 (build 750)
Hex Converter:   FromElf.exe V5.06 update 6 (build 750)
CPU DLL:         SARMCM3.DLL V5.25.2.0
Dialog DLL:      DCM.DLL V1.17.1.0
Target DLL:      UL2CM3.DLL V1.160.12.0
Dialog DLL:      TCM.DLL V1.35.1.0
 
</pre>
  <h2>Project:</h2>
  <pre>
G:\Work\[050] 蓝桥杯_竞赛组织\资源数据包\2023\嵌入式资源数据包_STM32G4_2023\竞赛平台\5-液晶驱动参考程序\MDK5_LCD_HAL\MDK-ARM\LCD_TEST.uvprojx
Project File Date:  03/15/2023

</pre>
  <h2>Output:</h2>
  <pre>
*** Using Compiler 'V5.06 update 6 (build 750)', folder: 'D:\Keil_v5\ARM\ARMCC\Bin'
Build target 'HAL_06_LCD'
compiling stm32g4xx_hal_msp.c...
compiling stm32g4xx_it.c...
compiling main.c...
assembling startup_stm32g431xx.s...
compiling stm32g4xx_hal_tim.c...
compiling lcd.c...
compiling stm32g4xx_hal_gpio.c...
compiling stm32g4xx_ll_pwr.c...
compiling stm32g4xx_hal.c...
compiling stm32g4xx_hal_tim_ex.c...
compiling stm32g4xx_hal_rcc.c...
compiling stm32g4xx_hal_flash.c...
compiling stm32g4xx_hal_flash_ex.c...
compiling stm32g4xx_hal_rcc_ex.c...
compiling stm32g4xx_hal_flash_ramfunc.c...
compiling stm32g4xx_hal_exti.c...
compiling stm32g4xx_hal_dma.c...
compiling stm32g4xx_hal_dma_ex.c...
compiling stm32g4xx_hal_pwr.c...
compiling stm32g4xx_hal_pwr_ex.c...
compiling system_stm32g4xx.c...
compiling stm32g4xx_hal_cortex.c...
linking...
Program Size: Code=5700 RO-data=5080 RW-data=24 ZI-data=1024  
FromELF: creating hex file...
"HAL_06_LCD\HAL_06_LCD.axf" - 0 Error(s), 0 Warning(s).

</pre>
  <h2>Software Packages used:</h2>
  <pre>

Package Vendor: ARM
                http://www.keil.com/pack/ARM.CMSIS.5.3.0.pack
                ARM.CMSIS.5.3.0
                CMSIS (Cortex Microcontroller Software Interface Standard)
   * Component: CORE Version: 5.1.1

Package Vendor: Keil
                http://www.keil.com/pack/Keil.STM32G4xx_DFP.1.4.0.pack
                Keil.STM32G4xx_DFP.1.4.0
                STMicroelectronics STM32G4 Series Device Support, Drivers and Examples

</pre>
  <h2>Collection of Component include folders:</h2>
  <pre>
  .\RTE\_HAL_06_LCD
  D:\Keil_v5\ARM\PACK\ARM\CMSIS\5.3.0\CMSIS\Include
  D:\Keil_v5\ARM\PACK\Keil\STM32G4xx_DFP\1.4.0\Drivers\CMSIS\Device\ST\STM32G4xx\Include

</pre>
  <h2>Collection of Component Files used:</h2>
  <pre>

   * Component: ARM::CMSIS:CORE:5.1.1
Build Time Elapsed:  00:00:32
</pre>
</body>
</html>
